
Linux devops-vm 6.8.0-71-generic #71-Ubuntu SMP PREEMPT_DYNAMIC Tue Jul 22 16:44:45 UTC 2025 aarch64 aarch64 aarch64 GNU/Linux
ubuntu
 15:15:47 up  4:54,  2 users,  load average: 0.08, 0.02, 0.01
Filesystem      Size  Used Avail Use% Mounted on
tmpfs           196M  1.2M  195M   1% /run
efivarfs        256K   15K  242K   6% /sys/firmware/efi/efivars
/dev/sda1       8.7G  2.5G  6.2G  29% /
tmpfs           979M     0  979M   0% /dev/shm
tmpfs           5.0M     0  5.0M   0% /run/lock
/dev/sda16      891M  158M  671M  20% /boot
/dev/sda15       98M  6.4M   92M   7% /boot/efi
tmpfs           196M   12K  196M   1% /run/user/1000
               total        used        free      shared  buff/cache   available
Mem:           1.9Gi       248Mi       363Mi       1.1Mi       1.4Gi       1.7Gi
Swap:             0B          0B          0B
USER         PID %CPU %MEM    VSZ   RSS TTY      STAT START   TIME COMMAND
root       13624  0.0  1.9 480648 38400 ?        Ssl  15:21   0:00 /usr/libexec/fwupd/fwupd
root         333  0.0  1.3 290456 26368 ?        SLsl 10:21   0:04 /sbin/multipathd -d -s
root         693  0.0  1.0 110896 22016 ?        Ssl  10:21   0:00 /usr/bin/python3 /usr/share/unattended-upgrades/unattended-upgrade-shutdown --wait-for-signal
root         280  0.0  0.7  66700 15844 ?        S<s  10:21   0:00 /usr/lib/systemd/systemd-journald
USER         PID %CPU %MEM    VSZ   RSS TTY      STAT START   TIME COMMAND
ubuntu     13640  100  0.1  11152  3968 pts/0    R+   15:23   0:00 ps aux --sort=-%cpu
root       13624  0.0  1.9 480648 38400 ?        Ssl  15:21   0:00 /usr/libexec/fwupd/fwupd
root         333  0.0  1.3 290456 26368 ?        SLsl 10:21   0:04 /sbin/multipathd -d -s
ubuntu     13545  0.0  0.3  16424  6428 ?        S    15:12   0:00 sshd: ubuntu@pts/0
1: lo: <LOOPBACK,UP,LOWER_UP> mtu 65536 qdisc noqueue state UNKNOWN group default qlen 1000
    link/loopback 00:00:00:00:00:00 brd 00:00:00:00:00:00
    inet 127.0.0.1/8 scope host lo
       valid_lft forever preferred_lft forever
    inet6 ::1/128 scope host noprefixroute 
       valid_lft forever preferred_lft forever
2: enp0s1: <BROADCAST,MULTICAST,UP,LOWER_UP> mtu 1500 qdisc fq_codel state UP group default qlen 1000
    link/ether 52:54:00:5c:a3:c0 brd ff:ff:ff:ff:ff:ff
    inet 192.168.64.2/24 metric 100 brd 192.168.64.255 scope global dynamic enp0s1
       valid_lft 3364sec preferred_lft 3364sec
    inet6 fd8b:f918:5b99:1ea0:5054:ff:fe5c:a3c0/64 scope global dynamic mngtmpaddr noprefixroute 
       valid_lft 2591946sec preferred_lft 604746sec
    inet6 fe80::5054:ff:fe5c:a3c0/64 scope link 
       valid_lft forever preferred_lft forever
PING google.com (173.194.208.138) 56(84) bytes of data.
64 bytes from yudfwnl-in-f138.1e100.net (173.194.208.138): icmp_seq=1 ttl=106 time=22.6 ms
64 bytes from yudfwnl-in-f138.1e100.net (173.194.208.138): icmp_seq=2 ttl=106 time=26.3 ms

--- google.com ping statistics ---
2 packets transmitted, 2 received, 0% packet loss, time 1008ms
rtt min/avg/max/mdev = 22.618/24.482/26.347/1.864 ms
Netid State  Recv-Q Send-Q                    Local Address:Port Peer Address:PortProcess
udp   UNCONN 0      0                            127.0.0.54:53        0.0.0.0:*          
udp   UNCONN 0      0                         127.0.0.53%lo:53        0.0.0.0:*          
udp   UNCONN 0      0                   192.168.64.2%enp0s1:68        0.0.0.0:*          
udp   UNCONN 0      0      [fe80::5054:ff:fe5c:a3c0]%enp0s1:546          [::]:*          
tcp   LISTEN 0      4096                            0.0.0.0:22        0.0.0.0:*          
tcp   LISTEN 0      4096                         127.0.0.54:53        0.0.0.0:*          
tcp   LISTEN 0      4096                      127.0.0.53%lo:53        0.0.0.0:*          
tcp   LISTEN 0      4096                               [::]:22           [::]:*          
